Analysis & Synthesis report for FINAL
Tue Dec 27 16:05:28 2022
Quartus Prime Version 18.1.0 Build 625 09/12/2018 SJ Lite Edition


---------------------
; Table of Contents ;
---------------------
  1. Legal Notice
  2. Analysis & Synthesis Summary
  3. Analysis & Synthesis Settings
  4. Parallel Compilation
  5. Analysis & Synthesis Source Files Read
  6. Analysis & Synthesis Resource Usage Summary
  7. Analysis & Synthesis Resource Utilization by Entity
  8. Registers Removed During Synthesis
  9. General Register Statistics
 10. Inverted Register Statistics
 11. Multiplexer Restructuring Statistics (Restructuring Performed)
 12. Port Connectivity Checks: "Seg7:comb_12"
 13. Port Connectivity Checks: "Seg7:comb_11"
 14. Port Connectivity Checks: "score:comb_10"
 15. Port Connectivity Checks: "countdown:comb_6"
 16. Port Connectivity Checks: "Freq_div_10000Hz:comb_3"
 17. Post-Synthesis Netlist Statistics for Top Partition
 18. Elapsed Time Per Partition
 19. Analysis & Synthesis Messages
 20. Analysis & Synthesis Suppressed Messages



----------------
; Legal Notice ;
----------------
Copyright (C) 2018  Intel Corporation. All rights reserved.
Your use of Intel Corporation's design tools, logic functions 
and other software and tools, and its AMPP partner logic 
functions, and any output files from any of the foregoing 
(including device programming or simulation files), and any 
associated documentation or information are expressly subject 
to the terms and conditions of the Intel Program License 
Subscription Agreement, the Intel Quartus Prime License Agreement,
the Intel FPGA IP License Agreement, or other applicable license
agreement, including, without limitation, that your use is for
the sole purpose of programming logic devices manufactured by
Intel and sold by Intel or its authorized distributors.  Please
refer to the applicable agreement for further details.



+-------------------------------------------------------------------------------+
; Analysis & Synthesis Summary                                                  ;
+---------------------------------+---------------------------------------------+
; Analysis & Synthesis Status     ; Successful - Tue Dec 27 16:05:28 2022       ;
; Quartus Prime Version           ; 18.1.0 Build 625 09/12/2018 SJ Lite Edition ;
; Revision Name                   ; FINAL                                       ;
; Top-level Entity Name           ; FINAL                                       ;
; Family                          ; Cyclone V                                   ;
; Logic utilization (in ALMs)     ; N/A                                         ;
; Total registers                 ; 107                                         ;
; Total pins                      ; 50                                          ;
; Total virtual pins              ; 0                                           ;
; Total block memory bits         ; 0                                           ;
; Total DSP Blocks                ; 0                                           ;
; Total HSSI RX PCSs              ; 0                                           ;
; Total HSSI PMA RX Deserializers ; 0                                           ;
; Total HSSI TX PCSs              ; 0                                           ;
; Total HSSI PMA TX Serializers   ; 0                                           ;
; Total PLLs                      ; 0                                           ;
; Total DLLs                      ; 0                                           ;
+---------------------------------+---------------------------------------------+


+---------------------------------------------------------------------------------------------------------------------------+
; Analysis & Synthesis Settings                                                                                             ;
+---------------------------------------------------------------------------------+--------------------+--------------------+
; Option                                                                          ; Setting            ; Default Value      ;
+---------------------------------------------------------------------------------+--------------------+--------------------+
; Device                                                                          ; 5CEFA4F23C7        ;                    ;
; Top-level entity name                                                           ; FINAL              ; FINAL              ;
; Family name                                                                     ; Cyclone V          ; Cyclone V          ;
; Use smart compilation                                                           ; Off                ; Off                ;
; Enable parallel Assembler and Timing Analyzer during compilation                ; On                 ; On                 ;
; Enable compact report table                                                     ; Off                ; Off                ;
; Restructure Multiplexers                                                        ; Auto               ; Auto               ;
; MLAB Add Timing Constraints For Mixed-Port Feed-Through Mode Setting Don't Care ; Off                ; Off                ;
; Create Debugging Nodes for IP Cores                                             ; Off                ; Off                ;
; Preserve fewer node names                                                       ; On                 ; On                 ;
; Intel FPGA IP Evaluation Mode                                                   ; Enable             ; Enable             ;
; Verilog Version                                                                 ; Verilog_2001       ; Verilog_2001       ;
; VHDL Version                                                                    ; VHDL_1993          ; VHDL_1993          ;
; State Machine Processing                                                        ; Auto               ; Auto               ;
; Safe State Machine                                                              ; Off                ; Off                ;
; Extract Verilog State Machines                                                  ; On                 ; On                 ;
; Extract VHDL State Machines                                                     ; On                 ; On                 ;
; Ignore Verilog initial constructs                                               ; Off                ; Off                ;
; Iteration limit for constant Verilog loops                                      ; 5000               ; 5000               ;
; Iteration limit for non-constant Verilog loops                                  ; 250                ; 250                ;
; Add Pass-Through Logic to Inferred RAMs                                         ; On                 ; On                 ;
; Infer RAMs from Raw Logic                                                       ; On                 ; On                 ;
; Parallel Synthesis                                                              ; On                 ; On                 ;
; DSP Block Balancing                                                             ; Auto               ; Auto               ;
; NOT Gate Push-Back                                                              ; On                 ; On                 ;
; Power-Up Don't Care                                                             ; On                 ; On                 ;
; Remove Redundant Logic Cells                                                    ; Off                ; Off                ;
; Remove Duplicate Registers                                                      ; On                 ; On                 ;
; Ignore CARRY Buffers                                                            ; Off                ; Off                ;
; Ignore CASCADE Buffers                                                          ; Off                ; Off                ;
; Ignore GLOBAL Buffers                                                           ; Off                ; Off                ;
; Ignore ROW GLOBAL Buffers                                                       ; Off                ; Off                ;
; Ignore LCELL Buffers                                                            ; Off                ; Off                ;
; Ignore SOFT Buffers                                                             ; On                 ; On                 ;
; Limit AHDL Integers to 32 Bits                                                  ; Off                ; Off                ;
; Optimization Technique                                                          ; Balanced           ; Balanced           ;
; Carry Chain Length                                                              ; 70                 ; 70                 ;
; Auto Carry Chains                                                               ; On                 ; On                 ;
; Auto Open-Drain Pins                                                            ; On                 ; On                 ;
; Perform WYSIWYG Primitive Resynthesis                                           ; Off                ; Off                ;
; Auto ROM Replacement                                                            ; On                 ; On                 ;
; Auto RAM Replacement                                                            ; On                 ; On                 ;
; Auto DSP Block Replacement                                                      ; On                 ; On                 ;
; Auto Shift Register Replacement                                                 ; Auto               ; Auto               ;
; Allow Shift Register Merging across Hierarchies                                 ; Auto               ; Auto               ;
; Auto Clock Enable Replacement                                                   ; On                 ; On                 ;
; Strict RAM Replacement                                                          ; Off                ; Off                ;
; Allow Synchronous Control Signals                                               ; On                 ; On                 ;
; Force Use of Synchronous Clear Signals                                          ; Off                ; Off                ;
; Auto Resource Sharing                                                           ; Off                ; Off                ;
; Allow Any RAM Size For Recognition                                              ; Off                ; Off                ;
; Allow Any ROM Size For Recognition                                              ; Off                ; Off                ;
; Allow Any Shift Register Size For Recognition                                   ; Off                ; Off                ;
; Use LogicLock Constraints during Resource Balancing                             ; On                 ; On                 ;
; Ignore translate_off and synthesis_off directives                               ; Off                ; Off                ;
; Timing-Driven Synthesis                                                         ; On                 ; On                 ;
; Report Parameter Settings                                                       ; On                 ; On                 ;
; Report Source Assignments                                                       ; On                 ; On                 ;
; Report Connectivity Checks                                                      ; On                 ; On                 ;
; Ignore Maximum Fan-Out Assignments                                              ; Off                ; Off                ;
; Synchronization Register Chain Length                                           ; 3                  ; 3                  ;
; Power Optimization During Synthesis                                             ; Normal compilation ; Normal compilation ;
; HDL message level                                                               ; Level2             ; Level2             ;
; Suppress Register Optimization Related Messages                                 ; Off                ; Off                ;
; Number of Removed Registers Reported in Synthesis Report                        ; 5000               ; 5000               ;
; Number of Swept Nodes Reported in Synthesis Report                              ; 5000               ; 5000               ;
; Number of Inverted Registers Reported in Synthesis Report                       ; 100                ; 100                ;
; Clock MUX Protection                                                            ; On                 ; On                 ;
; Auto Gated Clock Conversion                                                     ; Off                ; Off                ;
; Block Design Naming                                                             ; Auto               ; Auto               ;
; SDC constraint protection                                                       ; Off                ; Off                ;
; Synthesis Effort                                                                ; Auto               ; Auto               ;
; Shift Register Replacement - Allow Asynchronous Clear Signal                    ; On                 ; On                 ;
; Pre-Mapping Resynthesis Optimization                                            ; Off                ; Off                ;
; Analysis & Synthesis Message Level                                              ; Medium             ; Medium             ;
; Disable Register Merging Across Hierarchies                                     ; Auto               ; Auto               ;
; Resource Aware Inference For Block RAM                                          ; On                 ; On                 ;
; Automatic Parallel Synthesis                                                    ; On                 ; On                 ;
; Partial Reconfiguration Bitstream ID                                            ; Off                ; Off                ;
+---------------------------------------------------------------------------------+--------------------+--------------------+


+------------------------------------------+
; Parallel Compilation                     ;
+----------------------------+-------------+
; Processors                 ; Number      ;
+----------------------------+-------------+
; Number detected on machine ; 8           ;
; Maximum allowed            ; 4           ;
;                            ;             ;
; Average used               ; 1.00        ;
; Maximum used               ; 4           ;
;                            ;             ;
; Usage by Processor         ; % Time Used ;
;     Processor 1            ; 100.0%      ;
;     Processors 2-4         ;   0.0%      ;
+----------------------------+-------------+


+-------------------------------------------------------------------------------------------------------------------------------------------------------+
; Analysis & Synthesis Source Files Read                                                                                                                ;
+----------------------------------+-----------------+------------------------+---------------------------------------------------------------+---------+
; File Name with User-Entered Path ; Used in Netlist ; File Type              ; File Name with Absolute Path                                  ; Library ;
+----------------------------------+-----------------+------------------------+---------------------------------------------------------------+---------+
; Freq_div_1Hz.v                   ; yes             ; User Verilog HDL File  ; C:/Users/jimmy/Downloads/FINAL/FINAL/Freq_div_1Hz.v           ;         ;
; Freq_div_10000Hz.v               ; yes             ; User Verilog HDL File  ; C:/Users/jimmy/Downloads/FINAL/FINAL/Freq_div_10000Hz.v       ;         ;
; switch_player.v                  ; yes             ; User Verilog HDL File  ; C:/Users/jimmy/Downloads/FINAL/FINAL/switch_player.v          ;         ;
; Seg7.v                           ; yes             ; User Verilog HDL File  ; C:/Users/jimmy/Downloads/FINAL/FINAL/Seg7.v                   ;         ;
; score.v                          ; yes             ; User Verilog HDL File  ; C:/Users/jimmy/Downloads/FINAL/FINAL/score.v                  ;         ;
; countdown.v                      ; yes             ; User Verilog HDL File  ; C:/Users/jimmy/Downloads/FINAL/FINAL/countdown.v              ;         ;
; animation_goal_version.v         ; yes             ; User Verilog HDL File  ; C:/Users/jimmy/Downloads/FINAL/FINAL/animation_goal_version.v ;         ;
; FINAL.v                          ; yes             ; User Verilog HDL File  ; C:/Users/jimmy/Downloads/FINAL/FINAL/FINAL.v                  ;         ;
; counter.v                        ; yes             ; User Verilog HDL File  ; C:/Users/jimmy/Downloads/FINAL/FINAL/counter.v                ;         ;
+----------------------------------+-----------------+------------------------+---------------------------------------------------------------+---------+


+-----------------------------------------------------------+
; Analysis & Synthesis Resource Usage Summary               ;
+---------------------------------------------+-------------+
; Resource                                    ; Usage       ;
+---------------------------------------------+-------------+
; Estimate of Logic utilization (ALMs needed) ; 138         ;
;                                             ;             ;
; Combinational ALUT usage for logic          ; 226         ;
;     -- 7 input functions                    ; 0           ;
;     -- 6 input functions                    ; 50          ;
;     -- 5 input functions                    ; 27          ;
;     -- 4 input functions                    ; 24          ;
;     -- <=3 input functions                  ; 125         ;
;                                             ;             ;
; Dedicated logic registers                   ; 107         ;
;                                             ;             ;
; I/O pins                                    ; 50          ;
;                                             ;             ;
; Total DSP Blocks                            ; 0           ;
;                                             ;             ;
; Maximum fan-out node                        ; clock~input ;
; Maximum fan-out                             ; 84          ;
; Total fan-out                               ; 1264        ;
; Average fan-out                             ; 2.92        ;
+---------------------------------------------+-------------+


+--------------------------------------------------------------------------------------------------------------------------------------------------------------------------------------------------+
; Analysis & Synthesis Resource Utilization by Entity                                                                                                                                              ;
+----------------------------+---------------------+---------------------------+-------------------+------------+------+--------------+-----------------------------+---------------+--------------+
; Compilation Hierarchy Node ; Combinational ALUTs ; Dedicated Logic Registers ; Block Memory Bits ; DSP Blocks ; Pins ; Virtual Pins ; Full Hierarchy Name         ; Entity Name   ; Library Name ;
+----------------------------+---------------------+---------------------------+-------------------+------------+------+--------------+-----------------------------+---------------+--------------+
; |FINAL                     ; 226 (0)             ; 107 (0)                   ; 0                 ; 0          ; 50   ; 0            ; |FINAL                      ; FINAL         ; work         ;
;    |Freq_div_1Hz:comb_4|   ; 40 (40)             ; 33 (33)                   ; 0                 ; 0          ; 0    ; 0            ; |FINAL|Freq_div_1Hz:comb_4  ; Freq_div_1Hz  ; work         ;
;    |Seg7:comb_11|          ; 7 (7)               ; 0 (0)                     ; 0                 ; 0          ; 0    ; 0            ; |FINAL|Seg7:comb_11         ; Seg7          ; work         ;
;    |Seg7:comb_12|          ; 7 (7)               ; 0 (0)                     ; 0                 ; 0          ; 0    ; 0            ; |FINAL|Seg7:comb_12         ; Seg7          ; work         ;
;    |Seg7:comb_7|           ; 7 (7)               ; 0 (0)                     ; 0                 ; 0          ; 0    ; 0            ; |FINAL|Seg7:comb_7          ; Seg7          ; work         ;
;    |animation:comb_8|      ; 138 (138)           ; 51 (51)                   ; 0                 ; 0          ; 0    ; 0            ; |FINAL|animation:comb_8     ; animation     ; work         ;
;    |countdown:comb_6|      ; 4 (4)               ; 4 (4)                     ; 0                 ; 0          ; 0    ; 0            ; |FINAL|countdown:comb_6     ; countdown     ; work         ;
;    |counter:comb_5|        ; 10 (10)             ; 8 (8)                     ; 0                 ; 0          ; 0    ; 0            ; |FINAL|counter:comb_5       ; counter       ; work         ;
;    |score:comb_10|         ; 12 (12)             ; 10 (10)                   ; 0                 ; 0          ; 0    ; 0            ; |FINAL|score:comb_10        ; score         ; work         ;
;    |switch_player:comb_9|  ; 1 (1)               ; 1 (1)                     ; 0                 ; 0          ; 0    ; 0            ; |FINAL|switch_player:comb_9 ; switch_player ; work         ;
+----------------------------+---------------------+---------------------------+-------------------+------------+------+--------------+-----------------------------+---------------+--------------+
Note: For table entries with two numbers listed, the numbers in parentheses indicate the number of resources of the given type used by the specific entity alone. The numbers listed outside of parentheses indicate the total resources of the given type used by the specific entity and all of its sub-entities in the hierarchy.


+------------------------------------------------------------------------------------+
; Registers Removed During Synthesis                                                 ;
+-------------------------------------------+----------------------------------------+
; Register name                             ; Reason for Removal                     ;
+-------------------------------------------+----------------------------------------+
; switch_player:comb_9|current_player[1..3] ; Stuck at GND due to stuck port data_in ;
; Total Number of Removed Registers = 3     ;                                        ;
+-------------------------------------------+----------------------------------------+


+------------------------------------------------------+
; General Register Statistics                          ;
+----------------------------------------------+-------+
; Statistic                                    ; Value ;
+----------------------------------------------+-------+
; Total registers                              ; 107   ;
; Number of registers using Synchronous Clear  ; 32    ;
; Number of registers using Synchronous Load   ; 0     ;
; Number of registers using Asynchronous Clear ; 106   ;
; Number of registers using Asynchronous Load  ; 0     ;
; Number of registers using Clock Enable       ; 8     ;
; Number of registers using Preset             ; 0     ;
+----------------------------------------------+-------+


+---------------------------------------------------+
; Inverted Register Statistics                      ;
+-----------------------------------------+---------+
; Inverted Register                       ; Fan out ;
+-----------------------------------------+---------+
; animation:comb_8|dot_row[0]             ; 1       ;
; animation:comb_8|dot_row[1]             ; 1       ;
; animation:comb_8|dot_row[2]             ; 1       ;
; animation:comb_8|dot_row[3]             ; 1       ;
; animation:comb_8|dot_row[4]             ; 1       ;
; animation:comb_8|dot_row[5]             ; 1       ;
; animation:comb_8|dot_row[6]             ; 1       ;
; animation:comb_8|dot_row[7]             ; 1       ;
; countdown:comb_6|count[0]               ; 11      ;
; countdown:comb_6|count[1]               ; 11      ;
; Total number of inverted registers = 10 ;         ;
+-----------------------------------------+---------+


+------------------------------------------------------------------------------------------------------------------------------------------------------+
; Multiplexer Restructuring Statistics (Restructuring Performed)                                                                                       ;
+--------------------+-----------+---------------+----------------------+------------------------+------------+----------------------------------------+
; Multiplexer Inputs ; Bus Width ; Baseline Area ; Area if Restructured ; Saving if Restructured ; Registered ; Example Multiplexer Output             ;
+--------------------+-----------+---------------+----------------------+------------------------+------------+----------------------------------------+
; 4:1                ; 4 bits    ; 8 LEs         ; 8 LEs                ; 0 LEs                  ; Yes        ; |FINAL|score:comb_10|current_score1[0] ;
; 4:1                ; 4 bits    ; 8 LEs         ; 8 LEs                ; 0 LEs                  ; Yes        ; |FINAL|score:comb_10|current_score2[1] ;
; 9:1                ; 2 bits    ; 12 LEs        ; 8 LEs                ; 4 LEs                  ; No         ; |FINAL|animation:comb_8|dot_col        ;
+--------------------+-----------+---------------+----------------------+------------------------+------------+----------------------------------------+


+--------------------------------------------------------------------------------------------------------------------------------------------------------------------------+
; Port Connectivity Checks: "Seg7:comb_12"                                                                                                                                 ;
+-------+-------+----------+-----------------------------------------------------------------------------------------------------------------------------------------------+
; Port  ; Type  ; Severity ; Details                                                                                                                                       ;
+-------+-------+----------+-----------------------------------------------------------------------------------------------------------------------------------------------+
; count ; Input ; Warning  ; Input port expression (3 bits) is smaller than the input port (4 bits) it drives.  Extra input bit(s) "count[3..3]" will be connected to GND. ;
+-------+-------+----------+-----------------------------------------------------------------------------------------------------------------------------------------------+


+--------------------------------------------------------------------------------------------------------------------------------------------------------------------------+
; Port Connectivity Checks: "Seg7:comb_11"                                                                                                                                 ;
+-------+-------+----------+-----------------------------------------------------------------------------------------------------------------------------------------------+
; Port  ; Type  ; Severity ; Details                                                                                                                                       ;
+-------+-------+----------+-----------------------------------------------------------------------------------------------------------------------------------------------+
; count ; Input ; Warning  ; Input port expression (3 bits) is smaller than the input port (4 bits) it drives.  Extra input bit(s) "count[3..3]" will be connected to GND. ;
+-------+-------+----------+-----------------------------------------------------------------------------------------------------------------------------------------------+


+------------------------------------------------------------------------------------------------------------------------------------------------------------------------+
; Port Connectivity Checks: "score:comb_10"                                                                                                                              ;
+----------------+--------+----------+-----------------------------------------------------------------------------------------------------------------------------------+
; Port           ; Type   ; Severity ; Details                                                                                                                           ;
+----------------+--------+----------+-----------------------------------------------------------------------------------------------------------------------------------+
; current_score1 ; Output ; Warning  ; Output or bidir port (4 bits) is wider than the port expression (3 bits) it drives; bit(s) "current_score1[3..3]" have no fanouts ;
; current_score2 ; Output ; Warning  ; Output or bidir port (4 bits) is wider than the port expression (3 bits) it drives; bit(s) "current_score2[3..3]" have no fanouts ;
+----------------+--------+----------+-----------------------------------------------------------------------------------------------------------------------------------+


+-----------------------------------------------------------------------------------------------------------------+
; Port Connectivity Checks: "countdown:comb_6"                                                                    ;
+-------+--------+----------+-------------------------------------------------------------------------------------+
; Port  ; Type   ; Severity ; Details                                                                             ;
+-------+--------+----------+-------------------------------------------------------------------------------------+
; start ; Output ; Info     ; Connected to dangling logic. Logic that only feeds a dangling port will be removed. ;
+-------+--------+----------+-------------------------------------------------------------------------------------+


+-------------------------------------------------------------------------------------------------------------------+
; Port Connectivity Checks: "Freq_div_10000Hz:comb_3"                                                               ;
+---------+--------+----------+-------------------------------------------------------------------------------------+
; Port    ; Type   ; Severity ; Details                                                                             ;
+---------+--------+----------+-------------------------------------------------------------------------------------+
; clk_div ; Output ; Info     ; Connected to dangling logic. Logic that only feeds a dangling port will be removed. ;
+---------+--------+----------+-------------------------------------------------------------------------------------+


+-----------------------------------------------------+
; Post-Synthesis Netlist Statistics for Top Partition ;
+-----------------------+-----------------------------+
; Type                  ; Count                       ;
+-----------------------+-----------------------------+
; arriav_ff             ; 107                         ;
;     CLR               ; 66                          ;
;     CLR SCLR          ; 32                          ;
;     ENA CLR           ; 8                           ;
;     plain             ; 1                           ;
; arriav_lcell_comb     ; 237                         ;
;     arith             ; 71                          ;
;         1 data inputs ; 71                          ;
;     normal            ; 166                         ;
;         0 data inputs ; 2                           ;
;         1 data inputs ; 10                          ;
;         2 data inputs ; 17                          ;
;         3 data inputs ; 36                          ;
;         4 data inputs ; 24                          ;
;         5 data inputs ; 27                          ;
;         6 data inputs ; 50                          ;
; boundary_port         ; 50                          ;
;                       ;                             ;
; Max LUT depth         ; 7.00                        ;
; Average LUT depth     ; 3.13                        ;
+-----------------------+-----------------------------+


+-------------------------------+
; Elapsed Time Per Partition    ;
+----------------+--------------+
; Partition Name ; Elapsed Time ;
+----------------+--------------+
; Top            ; 00:00:02     ;
+----------------+--------------+


+-------------------------------+
; Analysis & Synthesis Messages ;
+-------------------------------+
Info: *******************************************************************
Info: Running Quartus Prime Analysis & Synthesis
    Info: Version 18.1.0 Build 625 09/12/2018 SJ Lite Edition
    Info: Processing started: Tue Dec 27 16:05:15 2022
Info: Command: quartus_map --read_settings_files=on --write_settings_files=off FINAL -c FINAL
Warning (18236): Number of processors has not been specified which may cause overloading on shared machines.  Set the global assignment NUM_PARALLEL_PROCESSORS in your QSF to an appropriate value for best performance.
Info (20030): Parallel compilation is enabled and will use 4 of the 4 processors detected
Info (12021): Found 1 design units, including 1 entities, in source file freq_div_1hz.v
    Info (12023): Found entity 1: Freq_div_1Hz File: C:/Users/jimmy/Downloads/FINAL/FINAL/Freq_div_1Hz.v Line: 3
Warning (10274): Verilog HDL macro warning at Freq_div_10000Hz.v(2): overriding existing definition for macro "TimeExpire", which was defined in "Freq_div_1Hz.v", line 2 File: C:/Users/jimmy/Downloads/FINAL/FINAL/Freq_div_10000Hz.v Line: 2
Info (12021): Found 1 design units, including 1 entities, in source file freq_div_10000hz.v
    Info (12023): Found entity 1: Freq_div_10000Hz File: C:/Users/jimmy/Downloads/FINAL/FINAL/Freq_div_10000Hz.v Line: 3
Info (12021): Found 1 design units, including 1 entities, in source file switch_player.v
    Info (12023): Found entity 1: switch_player File: C:/Users/jimmy/Downloads/FINAL/FINAL/switch_player.v Line: 1
Info (12021): Found 1 design units, including 1 entities, in source file seg7.v
    Info (12023): Found entity 1: Seg7 File: C:/Users/jimmy/Downloads/FINAL/FINAL/Seg7.v Line: 1
Info (12021): Found 1 design units, including 1 entities, in source file score.v
    Info (12023): Found entity 1: score File: C:/Users/jimmy/Downloads/FINAL/FINAL/score.v Line: 1
Info (12021): Found 1 design units, including 1 entities, in source file countdown.v
    Info (12023): Found entity 1: countdown File: C:/Users/jimmy/Downloads/FINAL/FINAL/countdown.v Line: 1
Warning (10274): Verilog HDL macro warning at animation_goal_version.v(2): overriding existing definition for macro "TimeExpire", which was defined in "Freq_div_1Hz.v", line 2 File: C:/Users/jimmy/Downloads/FINAL/FINAL/animation_goal_version.v Line: 2
Info (12021): Found 1 design units, including 1 entities, in source file animation_goal_version.v
    Info (12023): Found entity 1: animation File: C:/Users/jimmy/Downloads/FINAL/FINAL/animation_goal_version.v Line: 4
Info (12021): Found 1 design units, including 1 entities, in source file animationfinale.v
    Info (12023): Found entity 1: animationFinale File: C:/Users/jimmy/Downloads/FINAL/FINAL/animationFinale.v Line: 4
Info (12021): Found 1 design units, including 1 entities, in source file final.v
    Info (12023): Found entity 1: FINAL File: C:/Users/jimmy/Downloads/FINAL/FINAL/FINAL.v Line: 1
Info (12021): Found 1 design units, including 1 entities, in source file counter.v
    Info (12023): Found entity 1: counter File: C:/Users/jimmy/Downloads/FINAL/FINAL/counter.v Line: 1
Critical Warning (10846): Verilog HDL Instantiation warning at FINAL.v(34): instance has no name File: C:/Users/jimmy/Downloads/FINAL/FINAL/FINAL.v Line: 34
Critical Warning (10846): Verilog HDL Instantiation warning at FINAL.v(35): instance has no name File: C:/Users/jimmy/Downloads/FINAL/FINAL/FINAL.v Line: 35
Critical Warning (10846): Verilog HDL Instantiation warning at FINAL.v(39): instance has no name File: C:/Users/jimmy/Downloads/FINAL/FINAL/FINAL.v Line: 39
Critical Warning (10846): Verilog HDL Instantiation warning at FINAL.v(42): instance has no name File: C:/Users/jimmy/Downloads/FINAL/FINAL/FINAL.v Line: 42
Critical Warning (10846): Verilog HDL Instantiation warning at FINAL.v(44): instance has no name File: C:/Users/jimmy/Downloads/FINAL/FINAL/FINAL.v Line: 44
Critical Warning (10846): Verilog HDL Instantiation warning at FINAL.v(50): instance has no name File: C:/Users/jimmy/Downloads/FINAL/FINAL/FINAL.v Line: 50
Critical Warning (10846): Verilog HDL Instantiation warning at FINAL.v(55): instance has no name File: C:/Users/jimmy/Downloads/FINAL/FINAL/FINAL.v Line: 55
Critical Warning (10846): Verilog HDL Instantiation warning at FINAL.v(56): instance has no name File: C:/Users/jimmy/Downloads/FINAL/FINAL/FINAL.v Line: 56
Critical Warning (10846): Verilog HDL Instantiation warning at FINAL.v(58): instance has no name File: C:/Users/jimmy/Downloads/FINAL/FINAL/FINAL.v Line: 58
Critical Warning (10846): Verilog HDL Instantiation warning at FINAL.v(59): instance has no name File: C:/Users/jimmy/Downloads/FINAL/FINAL/FINAL.v Line: 59
Critical Warning (10846): Verilog HDL Instantiation warning at FINAL.v(60): instance has no name File: C:/Users/jimmy/Downloads/FINAL/FINAL/FINAL.v Line: 60
Info (12127): Elaborating entity "FINAL" for the top level hierarchy
Info (12128): Elaborating entity "Freq_div_10000Hz" for hierarchy "Freq_div_10000Hz:comb_3" File: C:/Users/jimmy/Downloads/FINAL/FINAL/FINAL.v Line: 34
Info (12128): Elaborating entity "Freq_div_1Hz" for hierarchy "Freq_div_1Hz:comb_4" File: C:/Users/jimmy/Downloads/FINAL/FINAL/FINAL.v Line: 35
Info (12128): Elaborating entity "counter" for hierarchy "counter:comb_5" File: C:/Users/jimmy/Downloads/FINAL/FINAL/FINAL.v Line: 39
Info (12128): Elaborating entity "countdown" for hierarchy "countdown:comb_6" File: C:/Users/jimmy/Downloads/FINAL/FINAL/FINAL.v Line: 42
Warning (10230): Verilog HDL assignment warning at countdown.v(18): truncated value with size 32 to match size of target (4) File: C:/Users/jimmy/Downloads/FINAL/FINAL/countdown.v Line: 18
Warning (10034): Output port "start" at countdown.v(3) has no driver File: C:/Users/jimmy/Downloads/FINAL/FINAL/countdown.v Line: 3
Info (12128): Elaborating entity "Seg7" for hierarchy "Seg7:comb_7" File: C:/Users/jimmy/Downloads/FINAL/FINAL/FINAL.v Line: 44
Info (12128): Elaborating entity "animation" for hierarchy "animation:comb_8" File: C:/Users/jimmy/Downloads/FINAL/FINAL/FINAL.v Line: 50
Warning (10036): Verilog HDL or VHDL warning at animation_goal_version.v(19): object "div_clk" assigned a value but never read File: C:/Users/jimmy/Downloads/FINAL/FINAL/animation_goal_version.v Line: 19
Warning (10235): Verilog HDL Always Construct warning at animation_goal_version.v(32): variable "user1" is read inside the Always Construct but isn't in the Always Construct's Event Control File: C:/Users/jimmy/Downloads/FINAL/FINAL/animation_goal_version.v Line: 32
Warning (10235): Verilog HDL Always Construct warning at animation_goal_version.v(32): variable "user2" is read inside the Always Construct but isn't in the Always Construct's Event Control File: C:/Users/jimmy/Downloads/FINAL/FINAL/animation_goal_version.v Line: 32
Info (12128): Elaborating entity "switch_player" for hierarchy "switch_player:comb_9" File: C:/Users/jimmy/Downloads/FINAL/FINAL/FINAL.v Line: 55
Info (12128): Elaborating entity "score" for hierarchy "score:comb_10" File: C:/Users/jimmy/Downloads/FINAL/FINAL/FINAL.v Line: 56
Warning (12241): 3 hierarchies have connectivity warnings - see the Connectivity Checks report folder
Warning (13024): Output pins are stuck at VCC or GND
    Warning (13410): Pin "current_player_out[1]" is stuck at GND File: C:/Users/jimmy/Downloads/FINAL/FINAL/FINAL.v Line: 11
    Warning (13410): Pin "current_player_out[2]" is stuck at GND File: C:/Users/jimmy/Downloads/FINAL/FINAL/FINAL.v Line: 11
    Warning (13410): Pin "current_player_out[6]" is stuck at VCC File: C:/Users/jimmy/Downloads/FINAL/FINAL/FINAL.v Line: 11
Info (286030): Timing-Driven Synthesis is running
Critical Warning (18061): Ignored Power-Up Level option on the following registers
    Critical Warning (18010): Register animation:comb_8|dot_row[0] will power up to High File: C:/Users/jimmy/Downloads/FINAL/FINAL/animation_goal_version.v Line: 57
    Critical Warning (18010): Register animation:comb_8|dot_row[1] will power up to High File: C:/Users/jimmy/Downloads/FINAL/FINAL/animation_goal_version.v Line: 57
    Critical Warning (18010): Register animation:comb_8|dot_row[2] will power up to High File: C:/Users/jimmy/Downloads/FINAL/FINAL/animation_goal_version.v Line: 57
    Critical Warning (18010): Register animation:comb_8|dot_row[3] will power up to High File: C:/Users/jimmy/Downloads/FINAL/FINAL/animation_goal_version.v Line: 57
    Critical Warning (18010): Register animation:comb_8|dot_row[4] will power up to High File: C:/Users/jimmy/Downloads/FINAL/FINAL/animation_goal_version.v Line: 57
    Critical Warning (18010): Register animation:comb_8|dot_row[5] will power up to High File: C:/Users/jimmy/Downloads/FINAL/FINAL/animation_goal_version.v Line: 57
    Critical Warning (18010): Register animation:comb_8|dot_row[6] will power up to High File: C:/Users/jimmy/Downloads/FINAL/FINAL/animation_goal_version.v Line: 57
    Critical Warning (18010): Register animation:comb_8|dot_row[7] will power up to High File: C:/Users/jimmy/Downloads/FINAL/FINAL/animation_goal_version.v Line: 57
Info (144001): Generated suppressed messages file C:/Users/jimmy/Downloads/FINAL/FINAL/output_files/FINAL.map.smsg
Info (16010): Generating hard_block partition "hard_block:auto_generated_inst"
    Info (16011): Adding 0 node(s), including 0 DDIO, 0 PLL, 0 transceiver and 0 LCELL
Info (21057): Implemented 279 device resources after synthesis - the final resource count might be different
    Info (21058): Implemented 6 input pins
    Info (21059): Implemented 44 output pins
    Info (21061): Implemented 229 logic cells
Info: Quartus Prime Analysis & Synthesis was successful. 0 errors, 33 warnings
    Info: Peak virtual memory: 4827 megabytes
    Info: Processing ended: Tue Dec 27 16:05:28 2022
    Info: Elapsed time: 00:00:13
    Info: Total CPU time (on all processors): 00:00:24


+------------------------------------------+
; Analysis & Synthesis Suppressed Messages ;
+------------------------------------------+
The suppressed messages can be found in C:/Users/jimmy/Downloads/FINAL/FINAL/output_files/FINAL.map.smsg.


